
Muzamil Hussain@Muzamil MINGW64 ~/Desktop/Muzamil (master)
$  git init
Reinitialized existing Git repository in C:/Users/Muzamil Hussain/Desktop/Muzamil/.git/

Muzamil Hussain@Muzamil MINGW64 ~/Desktop/Muzamil (master)
$ ls
about.html  contact.html  index.html  new.html  style.css

Muzamil Hussain@Muzamil MINGW64 ~/Desktop/Muzamil (master)
$ git status
On branch master
nothing to commit, working tree clean

Muzamil Hussain@Muzamil MINGW64 ~/Desktop/Muzamil (master)
$ touch add.html

Muzamil Hussain@Muzamil MINGW64 ~/Desktop/Muzamil (master)
$ git status
On branch master
Untracked files:
  (use "git add <file>..." to include in what will be committed)
        add.html

nothing added to commit but untracked files present (use "git add" to track)

Muzamil Hussain@Muzamil MINGW64 ~/Desktop/Muzamil (master)
$ git add.
git: 'add.' is not a git command. See 'git --help'.

The most similar command is
        add

Muzamil Hussain@Muzamil MINGW64 ~/Desktop/Muzamil (master)
$ git add .

Muzamil Hussain@Muzamil MINGW64 ~/Desktop/Muzamil (master)
$ git status
On branch master
Changes to be committed:
  (use "git restore --staged <file>..." to unstage)
        new file:   add.html


Muzamil Hussain@Muzamil MINGW64 ~/Desktop/Muzamil (master)
$ git commit add.html
[master c9b594d] this is new file added
 1 file changed, 0 insertions(+), 0 deletions(-)
 create mode 100644 add.html

Muzamil Hussain@Muzamil MINGW64 ~/Desktop/Muzamil (master)
$ git status
On branch master
nothing to commit, working tree clean

Muzamil Hussain@Muzamil MINGW64 ~/Desktop/Muzamil (master)
$ git log
commit c9b594dcca0ecd9c0047aeec1f7a8bf89386108a (HEAD -> master)
Author: Muzamil <Muzamil.junejo123@gmail.com>
Date:   Sat Jan 21 01:08:27 2023 +0500

    this is new file added

commit 4102064579666035ef441c908123489b38694273
Author: Muzamil <Muzamil.junejo123@gmail.com>
Date:   Sat Jan 21 00:18:46 2023 +0500

    Added more html

commit 99ebdbb80e056828dbe2c549106a4f5285d6d4c8
Author: Muzamil <Muzamil.junejo123@gmail.com>
Date:   Sat Jan 21 00:07:50 2023 +0500

    Initial commit

Muzamil Hussain@Muzamil MINGW64 ~/Desktop/Muzamil (master)
$

Muzamil Hussain@Muzamil MINGW64 ~/Desktop/Muzamil (master)
$ git config --global user.name"Muzamil"

Muzamil Hussain@Muzamil MINGW64 ~/Desktop/Muzamil (master)
$ git config --global user.email"muzamil.junejo123@gmail.com"

Muzamil Hussain@Muzamil MINGW64 ~/Desktop/Muzamil (master)
$ git status
On branch master
Changes not staged for commit:
  (use "git add <file>..." to update what will be committed)
  (use "git restore <file>..." to discard changes in working directory)
        modified:   index.html

no changes added to commit (use "git add" and/or "git commit -a")

Muzamil Hussain@Muzamil MINGW64 ~/Desktop/Muzamil (master)
$ git add .

Muzamil Hussain@Muzamil MINGW64 ~/Desktop/Muzamil (master)
$ git status
On branch master
Changes to be committed:
  (use "git restore --staged <file>..." to unstage)
        modified:   index.html


Muzamil Hussain@Muzamil MINGW64 ~/Desktop/Muzamil (master)
$ git status
On branch master
Changes to be committed:
  (use "git restore --staged <file>..." to unstage)
        modified:   index.html

Changes not staged for commit:
  (use "git add <file>..." to update what will be committed)
  (use "git restore <file>..." to discard changes in working directory)
        modified:   about.html
        modified:   add.html
        modified:   contact.html
        modified:   new.html


Muzamil Hussain@Muzamil MINGW64 ~/Desktop/Muzamil (master)
$ git add .

Muzamil Hussain@Muzamil MINGW64 ~/Desktop/Muzamil (master)
$ git commit -m"All Files Edited Now "
[master 4cc2e86] All Files Edited Now
 5 files changed, 51 insertions(+), 1 deletion(-)

Muzamil Hussain@Muzamil MINGW64 ~/Desktop/Muzamil (master)
$ git status
On branch master
nothing to commit, working tree clean

Muzamil Hussain@Muzamil MINGW64 ~/Desktop/Muzamil (master)
$ git log
commit 4cc2e86ecbd4897b671af7121ffe28215f13bd42 (HEAD -> master)
Author: Muzamil <Muzamil.junejo123@gmail.com>
Date:   Sat Jan 21 01:23:10 2023 +0500

    All Files Edited Now

commit 4cc2e86ecbd4897b671af7121ffe28215f13bd42 (HEAD -> master)
Author: Muzamil <Muzamil.junejo123@gmail.com>
Date:   Sat Jan 21 01:23:10 2023 +0500

    All Files Edited Now

commit c9b594dcca0ecd9c0047aeec1f7a8bf89386108a
Author: Muzamil <Muzamil.junejo123@gmail.com>
Date:   Sat Jan 21 01:08:27 2023 +0500

    this is new file added

commit 4102064579666035ef441c908123489b38694273
Author: Muzamil <Muzamil.junejo123@gmail.com>
Date:   Sat Jan 21 00:18:46 2023 +0500

    Added more html

Muzamil Hussain@Muzamil MINGW64 ~/Desktop/Muzamil (master)
$
